MEM baseline 1791376770396 2218536 1 1 0
MEM baseline 1791376771399 2219252 1 1 0
MEM baseline 1791376772400 2219252 1 1 0
MEM baseline 1791376773400 2219252 1 1 0
MEM baseline 1791376774401 2219252 1 1 0
MEM burst 1791376775401 2221552 1 1 0
MEM burst 1791376776402 3140344 1 1 1098907648
MEM burst 1791376777402 3140368 1 1 1098907648
MEM burst 1791376778403 3140368 1 1 1098907648
MEM release 1791376779404 3140692 1 1 1098907648
MEM release 1791376780404 3140764 1 1 1098907648
MEM release 1791376781405 3140764 1 1 1098907648
MEM release 1791376782406 3140764 1 1 1098907648
MEM release 1791376783406 3140764 1 1 1098907648
MEM traffic 1791376784407 3093400 1 1 1035337728
MEM traffic 1791376785408 3027224 1 1 964952064
MEM traffic 1791376786408 2962520 1 1 895418368
MEM traffic 1791376787408 2898912 1 1 827916288
MEM traffic 1791376788409 2834080 1 1 760610816
MEM traffic 1791376789409 2767200 1 1 690159616
MEM traffic 1791376790410 2701992 1 1 622395392
MEM traffic 1791376791410 2636808 1 1 554303488
MEM traffic 1791376792411 2615816 1 1 532152320
MEM traffic 1791376793411 2615824 1 1 532152320
MEM traffic 1791376794411 2615892 1 1 532152320
MEM traffic 1791376795412 2615892 1 1 532152320
MEM traffic 1791376796412 2615900 1 1 532152320
MEM traffic 1791376797413 2615900 1 1 532152320
MEM traffic 1791376798413 2615900 1 1 532152320
MEM traffic 1791376799413 2615900 1 1 532152320
MEM traffic 1791376800414 2603040 1 1 513343488
MEM traffic 1791376801414 2603040 1 1 513343488
MEM traffic 1791376802414 2590204 1 1 494665728
MEM traffic 1791376803415 2590204 1 1 494665728
MEM traffic 1791376804415 2590212 1 1 494665728
MEM traffic 1791376805415 2590212 1 1 494665728
MEM traffic 1791376806416 2590220 1 1 494665728
MEM traffic 1791376807416 2590220 1 1 494665728
MEM traffic 1791376808416 2589600 1 1 493158400
MEM traffic 1791376809417 2549940 1 1 425787392
MEM traffic 1791376810417 2491160 1 1 358547456
MEM traffic 1791376811417 2433240 1 1 287768576
MEM traffic 1791376812418 2400064 1 1 220725248
MEM traffic 1791376813418 2397704 1 1 213385216
MEM burst2 1791376814419 3213112 1 1 1118830592
MEM burst2 1791376815419 3213120 1 1 1118830592
MEM burst2 1791376816419 3213108 1 1 1118830592
MEM traffic2 1791376817420 3213108 1 1 1118830592
MEM traffic2 1791376818420 3213088 1 1 1118765056
MEM traffic2 1791376819421 3212668 1 1 1118306304
MEM traffic2 1791376820421 3212668 1 1 1118306304
MEM traffic2 1791376821421 3149072 1 1 1050673152
MEM traffic2 1791376822422 3085652 1 1 982777856
MEM traffic2 1791376823422 3020052 1 1 913047552
MEM traffic2 1791376824422 2954004 1 1 843448320
MEM traffic2 1791376825423 2890132 1 1 776208384
MEM traffic2 1791376826423 2822740 1 1 705757184
MEM traffic2 1791376827423 2759540 1 1 638451712
MEM traffic2 1791376828424 2693620 1 1 569638912
MEM traffic2 1791376829424 2658932 1 1 533200896
MEM traffic2 1791376830424 2658932 1 1 533200896
MEM traffic2 1791376831425 2658932 1 1 533200896
MEM traffic2 1791376832425 2658932 1 1 533200896
MEM traffic2 1791376833425 2658932 1 1 533200896
MEM traffic2 1791376834426 2658932 1 1 533200896
MEM traffic2 1791376835426 2658932 1 1 533200896
MEM traffic2 1791376836426 2658932 1 1 533200896
MEM traffic2 1791376837427 2658932 1 1 533200896
MEM traffic2 1791376838427 2658932 1 1 533200896
MEM traffic2 1791376839427 2658932 1 1 533200896
MEM traffic2 1791376840428 2658932 1 1 533200896
MEM traffic2 1791376841428 2658932 1 1 533200896
MEM traffic2 1791376842428 2658932 1 1 533200896
MEM traffic2 1791376843429 2658932 1 1 533200896
MEM traffic2 1791376844429 2658932 1 1 533200896
MEM traffic2 1791376845429 2658932 1 1 533200896
MEM traffic2 1791376846429 2658932 1 1 533200896
MEM traffic2 1791376847430 2645584 1 1 514392064
MEM traffic2 1791376848430 2615920 1 1 446824448
MEM traffic2 1791376849430 2557068 1 1 379715584
MEM traffic2 1791376850431 2497104 1 1 311820288
MEM traffic2 1791376851431 2438896 1 1 243728384
MEM traffic2 1791376852431 2403060 1 1 175046656
MEM traffic2 1791376853432 2351640 1 1 108003328
MEM traffic2 1791376854432 2330864 1 1 83230720
MEM traffic2 1791376855432 2330992 1 1 83230720
MEM traffic2 1791376856433 2330992 1 1 83230720
MEM traffic2 1791376857433 2330992 1 1 83230720
MEM traffic2 1791376858433 2330956 1 1 83165184
MEM traffic2 1791376859433 2330844 1 1 83034112
MEM traffic2 1791376860434 2330844 1 1 83034112
MEM traffic2 1791376861434 2330844 1 1 83034112
MEM traffic2 1791376862434 2330844 1 1 83034112
MEM traffic2 1791376863435 2330848 1 1 83099648
MEM traffic2 1791376864435 2330848 1 1 83099648
MEM traffic2 1791376865435 2330848 1 1 83099648
MEM traffic2 1791376866436 2330848 1 1 83099648
MEM traffic2 1791376867436 2330852 1 1 83165184
MEM traffic2 1791376868436 2330860 1 1 83296256
MEM traffic2 1791376869437 2330860 1 1 83296256
MEM traffic2 1791376870437 2330860 1 1 83296256
MEM traffic2 1791376871437 2330860 1 1 83296256
MEM traffic2 1791376872437 2330860 1 1 83296256
MEM traffic2 1791376873438 2330860 1 1 83296256
MEM traffic2 1791376874438 2330860 1 1 83296256
MEM traffic2 1791376875438 2330860 1 1 83296256
MEM traffic2 1791376876439 2330864 1 1 83361792
MEM end 1791376877439 2331000 1 1 83361792
MEM end 1791376878439 2331000 1 1 83361792
DONE adaptive workers=[eventloop, eventloop, eventloop, eventloop, eventloop, eventloop, eventloop, eventloop, platform, platform, platform, platform, platform, platform, platform, platform, platform, platform, platform, platform, platform, platform, platform, platform]
