MEM baseline 1791377097382 2206620 1 1 0
MEM baseline 1791377098385 2206648 1 1 0
MEM baseline 1791377099386 2206660 1 1 0
MEM baseline 1791377100386 2206660 1 1 0
MEM baseline 1791377101387 2206668 1 1 0
MEM burst 1791377102387 2208844 1 1 62914560
MEM burst 1791377103388 3130540 1 1 1107296256
MEM burst 1791377104389 3130584 1 1 1107296256
MEM burst 1791377105389 3130580 1 1 1107296256
MEM release 1791377106390 3130676 1 1 1107296256
MEM release 1791377107390 3130672 1 1 1107296256
MEM release 1791377108391 3130672 1 1 1107296256
MEM release 1791377109391 3130672 1 1 1107296256
MEM release 1791377110392 3130672 1 1 1107296256
MEM traffic 1791377111393 3129996 1 1 1103101952
MEM traffic 1791377112393 3129996 1 1 1103101952
MEM traffic 1791377113394 3129996 1 1 1103101952
MEM traffic 1791377114394 3129996 1 1 1103101952
MEM traffic 1791377115395 3129996 1 1 1103101952
MEM traffic 1791377116395 3129996 1 1 1103101952
MEM traffic 1791377117396 3130012 1 1 1103101952
MEM traffic 1791377118396 3130028 1 1 1103101952
MEM traffic 1791377119396 3130040 1 1 1103101952
MEM traffic 1791377120397 2885116 1 1 805306368
MEM traffic 1791377121397 2885120 1 1 805306368
MEM traffic 1791377122398 2885120 1 1 805306368
MEM traffic 1791377123398 2885244 1 1 805306368
MEM traffic 1791377124398 2885244 1 1 805306368
MEM traffic 1791377125399 2885244 1 1 805306368
MEM traffic 1791377126399 2885244 1 1 805306368
MEM traffic 1791377127399 2885244 1 1 805306368
MEM traffic 1791377128400 2885244 1 1 805306368
MEM traffic 1791377129400 2885244 1 1 805306368
MEM traffic 1791377130401 2886016 1 1 805306368
MEM traffic 1791377131401 2886016 1 1 805306368
MEM traffic 1791377132401 2886016 1 1 805306368
MEM traffic 1791377133402 2886016 1 1 805306368
MEM traffic 1791377134402 2886016 1 1 805306368
MEM traffic 1791377135402 2886016 1 1 805306368
MEM traffic 1791377136403 2886016 1 1 805306368
MEM traffic 1791377137403 2886016 1 1 805306368
MEM traffic 1791377138404 2886016 1 1 805306368
MEM traffic 1791377139404 2886016 1 1 805306368
MEM traffic 1791377140404 2551656 1 1 402653184
MEM burst2 1791377141405 3188872 1 1 1207959552
MEM burst2 1791377142405 3188872 1 1 1207959552
MEM burst2 1791377143406 3188860 1 1 1207959552
MEM traffic2 1791377144406 3188952 1 1 1207959552
MEM traffic2 1791377145406 3188952 1 1 1207959552
MEM traffic2 1791377146407 3188952 1 1 1207959552
MEM traffic2 1791377147407 3188952 1 1 1207959552
MEM traffic2 1791377148408 3188996 1 1 1207959552
MEM traffic2 1791377149408 3188996 1 1 1207959552
MEM traffic2 1791377150408 3003652 1 1 805306368
MEM traffic2 1791377151409 3003652 1 1 805306368
MEM traffic2 1791377152409 3003652 1 1 805306368
MEM traffic2 1791377153409 3003716 1 1 805306368
MEM traffic2 1791377154410 3003716 1 1 805306368
MEM traffic2 1791377155410 3003720 1 1 805306368
MEM traffic2 1791377156410 3003720 1 1 805306368
MEM traffic2 1791377157411 3003720 1 1 805306368
MEM traffic2 1791377158411 3003720 1 1 805306368
MEM traffic2 1791377159411 3003728 1 1 805306368
MEM traffic2 1791377160412 3004764 1 1 805306368
MEM traffic2 1791377161412 3004764 1 1 805306368
MEM traffic2 1791377162413 3004772 1 1 805306368
MEM traffic2 1791377163413 3004772 1 1 805306368
MEM traffic2 1791377164413 3004772 1 1 805306368
MEM traffic2 1791377165413 3004772 1 1 805306368
MEM traffic2 1791377166414 3004780 1 1 805306368
MEM traffic2 1791377167414 3004780 1 1 805306368
MEM traffic2 1791377168414 3004780 1 1 805306368
MEM traffic2 1791377169415 3004780 1 1 805306368
MEM traffic2 1791377170415 2967044 1 1 654311424
MEM traffic2 1791377171415 2967044 1 1 654311424
MEM traffic2 1791377172416 2967048 1 1 654311424
MEM traffic2 1791377173416 2967048 1 1 654311424
MEM traffic2 1791377174416 2967048 1 1 654311424
MEM traffic2 1791377175417 2967048 1 1 654311424
MEM traffic2 1791377176417 2967048 1 1 654311424
MEM traffic2 1791377177417 2967048 1 1 654311424
MEM traffic2 1791377178418 2967048 1 1 654311424
MEM traffic2 1791377179418 2959088 1 1 637534208
MEM traffic2 1791377180418 2911796 1 1 385875968
MEM traffic2 1791377181419 2911796 1 1 385875968
MEM traffic2 1791377182419 2911860 1 1 385875968
MEM traffic2 1791377183419 2911860 1 1 385875968
MEM traffic2 1791377184420 2911860 1 1 385875968
MEM traffic2 1791377185420 2911860 1 1 385875968
MEM traffic2 1791377186420 2911860 1 1 385875968
MEM traffic2 1791377187420 2911860 1 1 385875968
MEM traffic2 1791377188421 2911860 1 1 385875968
MEM traffic2 1791377189421 2911860 1 1 385875968
MEM traffic2 1791377190421 2888736 1 1 301989888
MEM traffic2 1791377191422 2888736 1 1 301989888
MEM traffic2 1791377192422 2888736 1 1 301989888
MEM traffic2 1791377193422 2888736 1 1 301989888
MEM traffic2 1791377194423 2888736 1 1 301989888
MEM traffic2 1791377195423 2888740 1 1 301989888
MEM traffic2 1791377196423 2888740 1 1 301989888
MEM traffic2 1791377197424 2888740 1 1 301989888
MEM traffic2 1791377198424 2888740 1 1 301989888
MEM traffic2 1791377199424 2885068 1 1 293601280
MEM traffic2 1791377200425 2847600 1 1 184549376
MEM traffic2 1791377201425 2847600 1 1 184549376
MEM traffic2 1791377202426 2847600 1 1 184549376
MEM traffic2 1791377203426 2847600 1 1 184549376
MEM end 1791377204426 2847600 1 1 184549376
MEM end 1791377205426 2847600 1 1 184549376
DONE mimalloc workers=[eventloop, eventloop, eventloop, eventloop, eventloop, eventloop, eventloop, eventloop, platform, platform, platform, platform, platform, platform, platform, platform, platform, platform, platform, platform, platform, platform, platform, platform]
