MEM baseline 1791376988312 2204784 1 1 0
MEM baseline 1791376989315 2204900 1 1 0
MEM baseline 1791376990316 2204908 1 1 0
MEM baseline 1791376991316 2204908 1 1 0
MEM baseline 1791376992317 2204908 1 1 0
MEM burst 1791376993317 2206908 1 1 0
MEM burst 1791376994318 3156912 1 1 1050451968
MEM burst 1791376995318 3156920 1 1 1050451968
MEM burst 1791376996319 3156920 1 1 1050451968
MEM release 1791376997319 2962604 1 1 849125376
MEM release 1791376998320 2962680 1 1 849125376
MEM release 1791376999321 2962680 1 1 849125376
MEM release 1791377000321 2962680 1 1 849125376
MEM release 1791377001322 2962680 1 1 849125376
MEM traffic 1791377002323 2974984 1 1 849125376
MEM traffic 1791377003323 2974976 1 1 849125376
MEM traffic 1791377004324 2974976 1 1 849125376
MEM traffic 1791377005324 2974976 1 1 849125376
MEM traffic 1791377006324 2974976 1 1 849125376
MEM traffic 1791377007325 2975040 1 1 849125376
MEM traffic 1791377008325 2975040 1 1 849125376
MEM traffic 1791377009326 2975048 1 1 849125376
MEM traffic 1791377010326 2975048 1 1 849125376
MEM traffic 1791377011326 2975048 1 1 849125376
MEM traffic 1791377012327 2975052 1 1 849125376
MEM traffic 1791377013327 2975052 1 1 849125376
MEM traffic 1791377014327 2961904 1 1 820649984
MEM traffic 1791377015328 2961904 1 1 820649984
MEM traffic 1791377016328 2961904 1 1 820649984
MEM traffic 1791377017328 2961904 1 1 820649984
MEM traffic 1791377018329 2961904 1 1 820649984
MEM traffic 1791377019329 2961924 1 1 820649984
MEM traffic 1791377020330 2961940 1 1 820649984
MEM traffic 1791377021330 2961940 1 1 820649984
MEM traffic 1791377022330 2819160 1 1 532160512
MEM traffic 1791377023331 2805144 1 1 503685120
MEM traffic 1791377024331 2793240 1 1 476520448
MEM traffic 1791377025331 2793240 1 1 476520448
MEM traffic 1791377026332 2793240 1 1 476520448
MEM traffic 1791377027332 2793240 1 1 476520448
MEM traffic 1791377028332 2793240 1 1 476520448
MEM traffic 1791377029333 2793240 1 1 476520448
MEM traffic 1791377030333 2793240 1 1 476520448
MEM traffic 1791377031333 2793240 1 1 476520448
MEM burst2 1791377032334 3205104 1 1 1070333952
MEM burst2 1791377033334 3205100 1 1 1070333952
MEM burst2 1791377034335 3205104 1 1 1070333952
MEM traffic2 1791377035335 3205180 1 1 869007360
MEM traffic2 1791377036335 3205180 1 1 869007360
MEM traffic2 1791377037336 3205180 1 1 869007360
MEM traffic2 1791377038336 3205180 1 1 869007360
MEM traffic2 1791377039336 3205224 1 1 869007360
MEM traffic2 1791377040337 3205224 1 1 869007360
MEM traffic2 1791377041337 3205224 1 1 869007360
MEM traffic2 1791377042337 3205224 1 1 869007360
MEM traffic2 1791377043338 3205224 1 1 869007360
MEM traffic2 1791377044338 3205224 1 1 869007360
MEM traffic2 1791377045338 3205224 1 1 869007360
MEM traffic2 1791377046339 3205224 1 1 869007360
MEM traffic2 1791377047339 3205224 1 1 869007360
MEM traffic2 1791377048339 3205224 1 1 869007360
MEM traffic2 1791377049340 3205224 1 1 869007360
MEM traffic2 1791377050340 3205224 1 1 869007360
MEM traffic2 1791377051340 3205224 1 1 869007360
MEM traffic2 1791377052341 3174440 1 1 812056576
MEM traffic2 1791377053341 3174440 1 1 812056576
MEM traffic2 1791377054341 3174440 1 1 812056576
MEM traffic2 1791377055342 3174440 1 1 812056576
MEM traffic2 1791377056342 3174440 1 1 812056576
MEM traffic2 1791377057342 3174440 1 1 812056576
MEM traffic2 1791377058343 3174440 1 1 812056576
MEM traffic2 1791377059343 3174440 1 1 812056576
MEM traffic2 1791377060343 3174440 1 1 812056576
MEM traffic2 1791377061344 3167208 1 1 783581184
MEM traffic2 1791377062344 3034216 1 1 529268736
MEM traffic2 1791377063344 3019432 1 1 481476608
MEM traffic2 1791377064345 3019432 1 1 481476608
MEM traffic2 1791377065345 3019432 1 1 481476608
MEM traffic2 1791377066345 3019432 1 1 481476608
MEM traffic2 1791377067345 3019432 1 1 481476608
MEM traffic2 1791377068346 3019432 1 1 481476608
MEM traffic2 1791377069346 3019432 1 1 481476608
MEM traffic2 1791377070346 3019432 1 1 481476608
MEM traffic2 1791377071347 3019432 1 1 454311936
MEM traffic2 1791377072347 3019432 1 1 288800768
MEM traffic2 1791377073347 3019560 1 1 275218432
MEM traffic2 1791377074348 3019560 1 1 262848512
MEM traffic2 1791377075348 3019560 1 1 262848512
MEM traffic2 1791377076348 3019560 1 1 262848512
MEM traffic2 1791377077349 3019560 1 1 262848512
MEM traffic2 1791377078349 3019560 1 1 262848512
MEM traffic2 1791377079349 3019560 1 1 262848512
MEM traffic2 1791377080350 3019560 1 1 262848512
MEM traffic2 1791377081350 3019560 1 1 260456448
MEM traffic2 1791377082350 3019560 1 1 174604288
MEM traffic2 1791377083351 3019560 1 1 162234368
MEM traffic2 1791377084351 3019560 1 1 159842304
MEM traffic2 1791377085351 3019560 1 1 159842304
MEM traffic2 1791377086351 3019560 1 1 159842304
MEM traffic2 1791377087352 3019560 1 1 159842304
MEM traffic2 1791377088352 3019560 1 1 159842304
MEM traffic2 1791377089352 3019560 1 1 159842304
MEM traffic2 1791377090353 3019560 1 1 159842304
MEM traffic2 1791377091353 3019560 1 1 159842304
MEM traffic2 1791377092353 3019560 1 1 130318336
MEM traffic2 1791377093354 3019560 1 1 130318336
MEM traffic2 1791377094354 3019560 1 1 125140992
MEM end 1791377095354 3019588 1 1 125140992
MEM end 1791377096355 3019588 1 1 125140992
DONE adaptive workers=[eventloop, eventloop, eventloop, eventloop, eventloop, eventloop, eventloop, eventloop, platform, platform, platform, platform, platform, platform, platform, platform, platform, platform, platform, platform, platform, platform, platform, platform]
