MEM baseline 1791376879388 2210040 1 1 0
MEM baseline 1791376880392 2210144 1 1 0
MEM baseline 1791376881392 2210144 1 1 0
MEM baseline 1791376882393 2210144 1 1 0
MEM baseline 1791376883393 2210144 1 1 0
MEM burst 1791376884394 2212064 1 1 0
MEM burst 1791376885394 3130564 1 1 1098907648
MEM burst 1791376886395 3130576 1 1 1098907648
MEM burst 1791376887395 3130580 1 1 1098907648
MEM release 1791376888396 3130876 1 1 1098907648
MEM release 1791376889396 3130888 1 1 1098907648
MEM release 1791376890396 3130888 1 1 1098907648
MEM release 1791376891397 3130888 1 1 1098907648
MEM release 1791376892397 3130888 1 1 1098907648
MEM traffic 1791376893398 3088524 1 1 1031798784
MEM traffic 1791376894399 3023432 1 1 964689920
MEM traffic 1791376895399 2958344 1 1 897581056
MEM traffic 1791376896400 2893384 1 1 830472192
MEM traffic 1791376897400 2828168 1 1 763363328
MEM traffic 1791376898401 2791112 1 1 721420288
MEM traffic 1791376899401 2791112 1 1 721420288
MEM traffic 1791376900401 2791116 1 1 721420288
MEM traffic 1791376901402 2791180 1 1 721420288
MEM traffic 1791376902402 2791180 1 1 721420288
MEM traffic 1791376903403 2791184 1 1 721420288
MEM traffic 1791376904403 2791184 1 1 721420288
MEM traffic 1791376905403 2791184 1 1 721420288
MEM traffic 1791376906404 2791184 1 1 721420288
MEM traffic 1791376907404 2791184 1 1 721420288
MEM traffic 1791376908404 2791184 1 1 721420288
MEM traffic 1791376909405 2787156 1 1 717225984
MEM traffic 1791376910405 2787164 1 1 717225984
MEM traffic 1791376911405 2787164 1 1 717225984
MEM traffic 1791376912406 2787164 1 1 717225984
MEM traffic 1791376913406 2787164 1 1 717225984
MEM traffic 1791376914407 2787164 1 1 717225984
MEM traffic 1791376915407 2787164 1 1 717225984
MEM traffic 1791376916407 2787164 1 1 717225984
MEM traffic 1791376917408 2780824 1 1 708837376
MEM traffic 1791376918408 2738772 1 1 641728512
MEM traffic 1791376919408 2677044 1 1 574619648
MEM traffic 1791376920409 2669976 1 1 562036736
MEM traffic 1791376921409 2669976 1 1 562036736
MEM traffic 1791376922409 2669976 1 1 562036736
MEM burst2 1791376923410 3229056 1 1 1128267776
MEM burst2 1791376924410 3229060 1 1 1128267776
MEM burst2 1791376925411 3229048 1 1 1128267776
MEM traffic2 1791376926411 3229092 1 1 1128267776
MEM traffic2 1791376927411 3229092 1 1 1128267776
MEM traffic2 1791376928412 3229092 1 1 1128267776
MEM traffic2 1791376929412 3229092 1 1 1128267776
MEM traffic2 1791376930412 3225100 1 1 1061158912
MEM traffic2 1791376931413 3221004 1 1 994050048
MEM traffic2 1791376932413 3212812 1 1 926941184
MEM traffic2 1791376933413 3176492 1 1 859832320
MEM traffic2 1791376934414 3164204 1 1 792723456
MEM traffic2 1791376935414 3148132 1 1 734003200
MEM traffic2 1791376936414 3148132 1 1 734003200
MEM traffic2 1791376937415 3148132 1 1 734003200
MEM traffic2 1791376938415 3148132 1 1 734003200
MEM traffic2 1791376939415 3148132 1 1 734003200
MEM traffic2 1791376940416 3148132 1 1 734003200
MEM traffic2 1791376941416 3148132 1 1 734003200
MEM traffic2 1791376942416 3148132 1 1 734003200
MEM traffic2 1791376943417 3148196 1 1 734003200
MEM traffic2 1791376944417 3148196 1 1 734003200
MEM traffic2 1791376945417 3148196 1 1 734003200
MEM traffic2 1791376946418 3148196 1 1 734003200
MEM traffic2 1791376947418 3148196 1 1 734003200
MEM traffic2 1791376948418 3148196 1 1 734003200
MEM traffic2 1791376949419 3148196 1 1 734003200
MEM traffic2 1791376950419 3148196 1 1 734003200
MEM traffic2 1791376951419 3148196 1 1 734003200
MEM traffic2 1791376952420 3148196 1 1 734003200
MEM traffic2 1791376953420 3148196 1 1 734003200
MEM traffic2 1791376954420 3148196 1 1 734003200
MEM traffic2 1791376955421 3148196 1 1 734003200
MEM traffic2 1791376956421 3148196 1 1 729808896
MEM traffic2 1791376957421 3069680 1 1 662700032
MEM traffic2 1791376958422 3010824 1 1 595591168
MEM traffic2 1791376959422 2942472 1 1 528482304
MEM traffic2 1791376960422 2868124 1 1 461373440
MEM traffic2 1791376961423 2789484 1 1 394264576
MEM traffic2 1791376962423 2700352 1 1 327155712
MEM traffic2 1791376963423 2595948 1 1 260046848
MEM traffic2 1791376964424 2534432 1 1 226492416
MEM traffic2 1791376965424 2534432 1 1 226492416
MEM traffic2 1791376966424 2534432 1 1 226492416
MEM traffic2 1791376967425 2534432 1 1 226492416
MEM traffic2 1791376968425 2534432 1 1 226492416
MEM traffic2 1791376969425 2534432 1 1 226492416
MEM traffic2 1791376970426 2534432 1 1 226492416
MEM traffic2 1791376971426 2534432 1 1 226492416
MEM traffic2 1791376972426 2534432 1 1 226492416
MEM traffic2 1791376973427 2534432 1 1 226492416
MEM traffic2 1791376974427 2534432 1 1 226492416
MEM traffic2 1791376975427 2534496 1 1 226492416
MEM traffic2 1791376976428 2534496 1 1 226492416
MEM traffic2 1791376977428 2534496 1 1 226492416
MEM traffic2 1791376978428 2534496 1 1 226492416
MEM traffic2 1791376979428 2534496 1 1 226492416
MEM traffic2 1791376980429 2534496 1 1 226492416
MEM traffic2 1791376981429 2534496 1 1 226492416
MEM traffic2 1791376982429 2534496 1 1 226492416
MEM traffic2 1791376983430 2534496 1 1 226492416
MEM traffic2 1791376984430 2534496 1 1 226492416
MEM traffic2 1791376985430 2534496 1 1 226492416
MEM end 1791376986431 2534496 1 1 226492416
MEM end 1791376987431 2534496 1 1 226492416
DONE adaptive workers=[eventloop, eventloop, eventloop, eventloop, eventloop, eventloop, eventloop, eventloop, platform, platform, platform, platform, platform, platform, platform, platform, platform, platform, platform, platform, platform, platform, platform, platform]
