MEM baseline 1791376694434 2206496 1 1 0
MEM baseline 1791376695437 2206516 1 1 0
MEM baseline 1791376696437 2206536 1 1 0
MEM baseline 1791376697438 2206536 1 1 0
MEM baseline 1791376698438 2206536 1 1 0
MEM burst 1791376699440 2208232 1 1 25165824
MEM burst 1791376700440 3128908 1 1 1115684864
MEM burst 1791376701441 3129048 1 1 1115684864
MEM burst 1791376702441 3129048 1 1 1115684864
MEM release 1791376703442 3129276 1 1 1115684864
MEM release 1791376704442 3129288 1 1 1115684864
MEM release 1791376705443 3129288 1 1 1115684864
MEM release 1791376706443 3129288 1 1 1115684864
MEM release 1791376707444 3129288 1 1 1115684864
MEM traffic 1791376708444 3132876 1 1 1115684864
MEM traffic 1791376709445 3132884 1 1 1115684864
MEM traffic 1791376710445 3132884 1 1 1115684864
MEM traffic 1791376711446 3132884 1 1 1115684864
MEM traffic 1791376712446 3132884 1 1 1115684864
MEM traffic 1791376713447 3132884 1 1 1115684864
MEM traffic 1791376714447 3132900 1 1 1115684864
MEM traffic 1791376715448 3132916 1 1 1115684864
MEM traffic 1791376716448 3132932 1 1 1115684864
MEM traffic 1791376717449 2875864 1 1 805306368
MEM traffic 1791376718449 2875864 1 1 805306368
MEM traffic 1791376719449 2875864 1 1 805306368
MEM traffic 1791376720450 2875884 1 1 805306368
MEM traffic 1791376721450 2875884 1 1 805306368
MEM traffic 1791376722451 2875884 1 1 805306368
MEM traffic 1791376723451 2875888 1 1 805306368
MEM traffic 1791376724451 2875888 1 1 805306368
MEM traffic 1791376725452 2875888 1 1 805306368
MEM traffic 1791376726452 2875888 1 1 805306368
MEM traffic 1791376727452 2876772 1 1 805306368
MEM traffic 1791376728453 2876772 1 1 805306368
MEM traffic 1791376729453 2876784 1 1 805306368
MEM traffic 1791376730454 2876796 1 1 805306368
MEM traffic 1791376731454 2876796 1 1 805306368
MEM traffic 1791376732454 2876796 1 1 805306368
MEM traffic 1791376733455 2876796 1 1 805306368
MEM traffic 1791376734455 2876804 1 1 805306368
MEM traffic 1791376735455 2876804 1 1 805306368
MEM traffic 1791376736456 2876804 1 1 805306368
MEM traffic 1791376737456 2554132 1 1 402653184
MEM traffic 1791376738457 2554132 1 1 402653184
MEM traffic 1791376739457 2554132 1 1 402653184
MEM traffic 1791376740457 2554132 1 1 402653184
MEM traffic 1791376741458 2554132 1 1 402653184
MEM traffic 1791376742458 2554132 1 1 402653184
MEM traffic 1791376743458 2554132 1 1 402653184
MEM traffic 1791376744459 2554132 1 1 402653184
MEM traffic 1791376745459 2554176 1 1 402653184
MEM traffic 1791376746460 2554176 1 1 402653184
MEM traffic 1791376747460 2559776 1 1 402653184
MEM traffic 1791376748460 2559776 1 1 402653184
MEM traffic 1791376749461 2559776 1 1 402653184
MEM traffic 1791376750461 2559776 1 1 402653184
MEM traffic 1791376751461 2559776 1 1 402653184
MEM traffic 1791376752461 2559776 1 1 402653184
MEM traffic 1791376753462 2559776 1 1 402653184
MEM traffic 1791376754462 2559780 1 1 402653184
MEM traffic 1791376755462 2559780 1 1 402653184
MEM traffic 1791376756463 2559780 1 1 402653184
MEM traffic 1791376757463 2399800 1 1 201326592
MEM traffic 1791376758464 2399800 1 1 201326592
MEM traffic 1791376759464 2399800 1 1 201326592
MEM traffic 1791376760464 2399800 1 1 201326592
MEM traffic 1791376761464 2399800 1 1 201326592
MEM traffic 1791376762465 2399800 1 1 201326592
MEM traffic 1791376763465 2399800 1 1 201326592
MEM traffic 1791376764465 2399800 1 1 201326592
MEM traffic 1791376765466 2399800 1 1 201326592
MEM traffic 1791376766466 2399800 1 1 201326592
MEM traffic 1791376767466 2396888 1 1 197132288
MEM end 1791376768467 2397044 1 1 197132288
MEM end 1791376769467 2397064 1 1 197132288
DONE mimalloc workers=[eventloop, eventloop, eventloop, eventloop, eventloop, eventloop, eventloop, eventloop, platform, platform, platform, platform, platform, platform, platform, platform, platform, platform, platform, platform, platform, platform, platform, platform]
