MEM baseline 1791376618384 2205228 1 1 0
MEM baseline 1791376619388 2205400 1 1 0
MEM baseline 1791376620388 2205408 1 1 0
MEM baseline 1791376621389 2205408 1 1 0
MEM baseline 1791376622390 2205408 1 1 0
MEM burst 1791376623390 2205408 1 1 0
MEM burst 1791376624391 3156320 1 1 1056096256
MEM burst 1791376625391 3156344 1 1 1056096256
MEM burst 1791376626392 3156344 1 1 1056096256
MEM release 1791376627392 2965260 1 1 854769664
MEM release 1791376628393 2965264 1 1 854769664
MEM release 1791376629393 2965264 1 1 854769664
MEM release 1791376630394 2965264 1 1 854769664
MEM release 1791376631394 2965276 1 1 854769664
MEM traffic 1791376632395 2966156 1 1 854769664
MEM traffic 1791376633395 2966224 1 1 854769664
MEM traffic 1791376634396 2966224 1 1 854769664
MEM traffic 1791376635396 2966220 1 1 854769664
MEM traffic 1791376636397 2966220 1 1 854769664
MEM traffic 1791376637397 2966220 1 1 854769664
MEM traffic 1791376638398 2966220 1 1 854769664
MEM traffic 1791376639398 2966236 1 1 854769664
MEM traffic 1791376640398 2966248 1 1 854769664
MEM traffic 1791376641399 2966248 1 1 854769664
MEM traffic 1791376642399 2966376 1 1 854769664
MEM traffic 1791376643400 2966376 1 1 854769664
MEM traffic 1791376644400 2953284 1 1 826294272
MEM traffic 1791376645400 2953284 1 1 826294272
MEM traffic 1791376646401 2953284 1 1 826294272
MEM traffic 1791376647401 2953284 1 1 826294272
MEM traffic 1791376648402 2953284 1 1 826294272
MEM traffic 1791376649402 2953284 1 1 826294272
MEM traffic 1791376650403 2953296 1 1 826294272
MEM traffic 1791376651403 2953296 1 1 826294272
MEM traffic 1791376652403 2825552 1 1 567377920
MEM traffic 1791376653404 2796560 1 1 511492096
MEM traffic 1791376654404 2784724 1 1 484327424
MEM traffic 1791376655405 2784724 1 1 484327424
MEM traffic 1791376656405 2784724 1 1 484327424
MEM traffic 1791376657405 2784724 1 1 484327424
MEM traffic 1791376658406 2784724 1 1 484327424
MEM traffic 1791376659406 2784724 1 1 484327424
MEM traffic 1791376660407 2784724 1 1 484327424
MEM traffic 1791376661407 2784724 1 1 484327424
MEM traffic 1791376662407 2759252 1 1 415367168
MEM traffic 1791376663408 2753620 1 1 401653760
MEM traffic 1791376664408 2753620 1 1 399261696
MEM traffic 1791376665408 2753620 1 1 396328960
MEM traffic 1791376666409 2753620 1 1 396328960
MEM traffic 1791376667409 2753620 1 1 396328960
MEM traffic 1791376668409 2753620 1 1 396328960
MEM traffic 1791376669410 2753664 1 1 396328960
MEM traffic 1791376670410 2753664 1 1 396328960
MEM traffic 1791376671410 2753664 1 1 396328960
MEM traffic 1791376672411 2710208 1 1 282066944
MEM traffic 1791376673411 2665536 1 1 164380672
MEM traffic 1791376674411 2665536 1 1 164380672
MEM traffic 1791376675412 2665536 1 1 161988608
MEM traffic 1791376676412 2665536 1 1 161988608
MEM traffic 1791376677412 2665536 1 1 161988608
MEM traffic 1791376678412 2665536 1 1 161988608
MEM traffic 1791376679413 2665536 1 1 161988608
MEM traffic 1791376680413 2665536 1 1 161988608
MEM traffic 1791376681414 2665536 1 1 161988608
MEM traffic 1791376682414 2665536 1 1 157204480
MEM traffic 1791376683415 2665536 1 1 129400832
MEM traffic 1791376684415 2665536 1 1 129400832
MEM traffic 1791376685415 2665536 1 1 129400832
MEM traffic 1791376686416 2665536 1 1 129400832
MEM traffic 1791376687416 2665536 1 1 129400832
MEM traffic 1791376688416 2665536 1 1 129400832
MEM traffic 1791376689417 2665536 1 1 129400832
MEM traffic 1791376690417 2665536 1 1 129400832
MEM traffic 1791376691418 2665536 1 1 129400832
MEM end 1791376692418 2665856 1 1 129400832
MEM end 1791376693418 2665856 1 1 129400832
DONE adaptive workers=[eventloop, eventloop, eventloop, eventloop, eventloop, eventloop, eventloop, eventloop, platform, platform, platform, platform, platform, platform, platform, platform, platform, platform, platform, platform, platform, platform, platform, platform]
