MEM baseline 1791376542514 2209312 1 1 0
MEM baseline 1791376543517 2209400 1 1 0
MEM baseline 1791376544517 2209420 1 1 0
MEM baseline 1791376545518 2209420 1 1 0
MEM baseline 1791376546518 2209420 1 1 0
MEM burst 1791376547519 2211568 1 1 0
MEM burst 1791376548520 3126980 1 1 1107296256
MEM burst 1791376549520 3127000 1 1 1107296256
MEM burst 1791376550520 3127000 1 1 1107296256
MEM release 1791376551521 3128968 1 1 1107296256
MEM release 1791376552521 3128972 1 1 1107296256
MEM release 1791376553522 3128972 1 1 1107296256
MEM release 1791376554522 3128972 1 1 1107296256
MEM release 1791376555523 3128972 1 1 1107296256
MEM traffic 1791376556523 3067664 1 1 1040187392
MEM traffic 1791376557524 3002580 1 1 973078528
MEM traffic 1791376558525 2937364 1 1 905969664
MEM traffic 1791376559525 2872340 1 1 838860800
MEM traffic 1791376560526 2807636 1 1 771751936
MEM traffic 1791376561526 2778388 1 1 738197504
MEM traffic 1791376562526 2778388 1 1 738197504
MEM traffic 1791376563527 2778388 1 1 738197504
MEM traffic 1791376564527 2778388 1 1 738197504
MEM traffic 1791376565528 2778388 1 1 738197504
MEM traffic 1791376566528 2778452 1 1 738197504
MEM traffic 1791376567528 2778452 1 1 738197504
MEM traffic 1791376568529 2778464 1 1 738197504
MEM traffic 1791376569529 2778464 1 1 738197504
MEM traffic 1791376570529 2778464 1 1 738197504
MEM traffic 1791376571530 2778464 1 1 738197504
MEM traffic 1791376572530 2770408 1 1 729808896
MEM traffic 1791376573531 2770408 1 1 729808896
MEM traffic 1791376574531 2766380 1 1 725614592
MEM traffic 1791376575531 2766380 1 1 725614592
MEM traffic 1791376576532 2766380 1 1 725614592
MEM traffic 1791376577532 2766380 1 1 725614592
MEM traffic 1791376578532 2766380 1 1 725614592
MEM traffic 1791376579533 2766380 1 1 725614592
MEM traffic 1791376580533 2766380 1 1 725614592
MEM traffic 1791376581533 2721324 1 1 658505728
MEM traffic 1791376582534 2661228 1 1 591396864
MEM traffic 1791376583534 2624532 1 1 536870912
MEM traffic 1791376584535 2624532 1 1 536870912
MEM traffic 1791376585535 2624532 1 1 536870912
MEM traffic 1791376586535 2624532 1 1 536870912
MEM traffic 1791376587536 2624532 1 1 536870912
MEM traffic 1791376588536 2624532 1 1 536870912
MEM traffic 1791376589536 2624532 1 1 536870912
MEM traffic 1791376590537 2601016 1 1 503316480
MEM traffic 1791376591537 2552212 1 1 436207616
MEM traffic 1791376592537 2509228 1 1 369098752
MEM traffic 1791376593538 2452012 1 1 301989888
MEM traffic 1791376594538 2393240 1 1 234881024
MEM traffic 1791376595538 2382456 1 1 222298112
MEM traffic 1791376596539 2382456 1 1 222298112
MEM traffic 1791376597539 2382456 1 1 222298112
MEM traffic 1791376598540 2382456 1 1 222298112
MEM traffic 1791376599540 2382456 1 1 222298112
MEM traffic 1791376600540 2382456 1 1 222298112
MEM traffic 1791376601541 2382456 1 1 222298112
MEM traffic 1791376602541 2382460 1 1 222298112
MEM traffic 1791376603541 2382460 1 1 222298112
MEM traffic 1791376604542 2382524 1 1 222298112
MEM traffic 1791376605542 2382524 1 1 222298112
MEM traffic 1791376606542 2382524 1 1 222298112
MEM traffic 1791376607543 2382524 1 1 222298112
MEM traffic 1791376608543 2382524 1 1 222298112
MEM traffic 1791376609544 2382524 1 1 222298112
MEM traffic 1791376610544 2382524 1 1 222298112
MEM traffic 1791376611545 2382524 1 1 222298112
MEM traffic 1791376612545 2382524 1 1 222298112
MEM traffic 1791376613546 2382524 1 1 222298112
MEM traffic 1791376614546 2382524 1 1 222298112
MEM traffic 1791376615546 2382524 1 1 222298112
MEM end 1791376616547 2382956 1 1 222298112
MEM end 1791376617547 2382960 1 1 222298112
DONE adaptive workers=[eventloop, eventloop, eventloop, eventloop, eventloop, eventloop, eventloop, eventloop, platform, platform, platform, platform, platform, platform, platform, platform, platform, platform, platform, platform, platform, platform, platform, platform]
