MEM baseline 1791376466594 2217756 1 1 0
MEM baseline 1791376467597 2218128 1 1 0
MEM baseline 1791376468598 2218144 1 1 0
MEM baseline 1791376469598 2218144 1 1 0
MEM baseline 1791376470599 2218144 1 1 0
MEM burst 1791376471599 2220460 1 1 0
MEM burst 1791376472600 3138092 1 1 1091239936
MEM burst 1791376473601 3138096 1 1 1091239936
MEM burst 1791376474601 3138096 1 1 1091239936
MEM release 1791376475602 3138904 1 1 1091239936
MEM release 1791376476602 3138916 1 1 1091239936
MEM release 1791376477603 3138916 1 1 1091239936
MEM release 1791376478604 3138916 1 1 1091239936
MEM release 1791376479604 3138924 1 1 1091239936
MEM traffic 1791376480605 3089820 1 1 1028718592
MEM traffic 1791376481605 3026660 1 1 961478656
MEM traffic 1791376482606 2960100 1 1 890830848
MEM traffic 1791376483606 2898260 1 1 823721984
MEM traffic 1791376484607 2834072 1 1 755761152
MEM traffic 1791376485607 2766424 1 1 685047808
MEM traffic 1791376486608 2701592 1 1 617349120
MEM traffic 1791376487608 2632868 1 1 546308096
MEM traffic 1791376488609 2609572 1 1 522321920
MEM traffic 1791376489609 2609580 1 1 522321920
MEM traffic 1791376490610 2609660 1 1 522321920
MEM traffic 1791376491610 2609668 1 1 522321920
MEM traffic 1791376492610 2609676 1 1 522321920
MEM traffic 1791376493611 2609684 1 1 522321920
MEM traffic 1791376494611 2609684 1 1 522321920
MEM traffic 1791376495612 2609692 1 1 522321920
MEM traffic 1791376496612 2596656 1 1 504102912
MEM traffic 1791376497612 2596656 1 1 504102912
MEM traffic 1791376498613 2583800 1 1 485359616
MEM traffic 1791376499613 2583800 1 1 485359616
MEM traffic 1791376500613 2583800 1 1 485359616
MEM traffic 1791376501614 2583800 1 1 485359616
MEM traffic 1791376502614 2583800 1 1 485359616
MEM traffic 1791376503615 2583808 1 1 485359616
MEM traffic 1791376504615 2571004 1 1 467075072
MEM traffic 1791376505615 2526580 1 1 399441920
MEM traffic 1791376506616 2466052 1 1 331022336
MEM traffic 1791376507616 2413080 1 1 263913472
MEM traffic 1791376508617 2380504 1 1 195297280
MEM traffic 1791376509617 2379520 1 1 192151552
MEM traffic 1791376510617 2379520 1 1 192151552
MEM traffic 1791376511618 2379520 1 1 192151552
MEM traffic 1791376512618 2379520 1 1 192151552
MEM traffic 1791376513618 2379520 1 1 192151552
MEM traffic 1791376514619 2366668 1 1 173473792
MEM traffic 1791376515619 2318284 1 1 106430464
MEM traffic 1791376516620 2302908 1 1 80740352
MEM traffic 1791376517620 2302940 1 1 80740352
MEM traffic 1791376518621 2302916 1 1 80805888
MEM traffic 1791376519621 2302916 1 1 80805888
MEM traffic 1791376520621 2302916 1 1 80805888
MEM traffic 1791376521622 2302916 1 1 80805888
MEM traffic 1791376522622 2302916 1 1 80805888
MEM traffic 1791376523622 2302916 1 1 80805888
MEM traffic 1791376524623 2302900 1 1 80740352
MEM traffic 1791376525623 2302868 1 1 80674816
MEM traffic 1791376526623 2302868 1 1 80674816
MEM traffic 1791376527624 2302868 1 1 80674816
MEM traffic 1791376528624 2302868 1 1 80674816
MEM traffic 1791376529624 2302868 1 1 80674816
MEM traffic 1791376530625 2302868 1 1 80674816
MEM traffic 1791376531625 2302868 1 1 80674816
MEM traffic 1791376532625 2302868 1 1 80674816
MEM traffic 1791376533626 2302868 1 1 80674816
MEM traffic 1791376534626 2302868 1 1 80674816
MEM traffic 1791376535626 2302876 1 1 80805888
MEM traffic 1791376536627 2302840 1 1 80740352
MEM traffic 1791376537627 2302840 1 1 80740352
MEM traffic 1791376538627 2302840 1 1 80740352
MEM traffic 1791376539628 2302840 1 1 80740352
MEM end 1791376540628 2302868 1 1 80740352
MEM end 1791376541628 2302868 1 1 80740352
DONE adaptive workers=[eventloop, eventloop, eventloop, eventloop, eventloop, eventloop, eventloop, eventloop, platform, platform, platform, platform, platform, platform, platform, platform, platform, platform, platform, platform, platform, platform, platform, platform]
