MEM baseline 1791377510175 2216440 1 1 0
MEM baseline 1791377511179 2217140 1 1 0
MEM baseline 1791377512179 2217148 1 1 0
MEM baseline 1791377513179 2217148 1 1 0
MEM baseline 1791377514180 2217148 1 1 0
MEM burst 1791377515180 2219448 1 1 0
MEM burst 1791377516181 3136924 1 1 1093926912
MEM burst 1791377517181 3136928 1 1 1093926912
MEM burst 1791377518182 3136928 1 1 1093926912
MEM release 1791377519182 3138060 1 1 1093926912
MEM release 1791377520183 3138120 1 1 1093926912
MEM release 1791377521183 3138120 1 1 1093926912
MEM release 1791377522184 3138120 1 1 1093926912
MEM release 1791377523184 3138120 1 1 1093926912
MEM traffic 1791377524185 3078352 1 1 1029373952
MEM traffic 1791377525185 3013228 1 1 959512576
MEM traffic 1791377526186 2950764 1 1 892141568
MEM traffic 1791377527187 2887212 1 1 824836096
MEM traffic 1791377528187 2823020 1 1 757530624
MEM traffic 1791377529188 2759404 1 1 690290688
MEM traffic 1791377530188 2692268 1 1 620363776
MEM traffic 1791377531188 2625004 1 1 550240256
MEM traffic 1791377532189 2588076 1 1 512425984
MEM traffic 1791377533189 2588076 1 1 512425984
MEM traffic 1791377534190 2588112 1 1 512425984
MEM traffic 1791377535190 2588112 1 1 512425984
MEM traffic 1791377536190 2588112 1 1 512425984
MEM traffic 1791377537191 2588112 1 1 512425984
MEM traffic 1791377538191 2588176 1 1 512425984
MEM traffic 1791377539191 2588176 1 1 512425984
MEM traffic 1791377540192 2588176 1 1 512425984
MEM traffic 1791377541192 2588176 1 1 512425984
MEM traffic 1791377542192 2575320 1 1 493682688
MEM traffic 1791377543193 2575320 1 1 493682688
MEM traffic 1791377544193 2575320 1 1 493682688
MEM traffic 1791377545193 2575320 1 1 493682688
MEM traffic 1791377546194 2575320 1 1 493682688
MEM traffic 1791377547194 2575320 1 1 493682688
MEM traffic 1791377548194 2562464 1 1 474939392
MEM traffic 1791377549195 2523864 1 1 418643968
MEM traffic 1791377550195 2523864 1 1 418643968
MEM traffic 1791377551195 2523864 1 1 418643968
MEM traffic 1791377552196 2523868 1 1 418643968
MEM traffic 1791377553196 2523868 1 1 418643968
MEM traffic 1791377554196 2523868 1 1 418643968
MEM traffic 1791377555197 2523868 1 1 418643968
MEM traffic 1791377556197 2523868 1 1 418643968
MEM traffic 1791377557197 2523868 1 1 418643968
MEM traffic 1791377558198 2511012 1 1 399900672
MEM traffic 1791377559198 2485244 1 1 362414080
MEM traffic 1791377560199 2485244 1 1 362414080
MEM traffic 1791377561199 2485280 1 1 362414080
MEM traffic 1791377562199 2485252 1 1 362414080
MEM traffic 1791377563200 2485252 1 1 362414080
MEM traffic 1791377564200 2485252 1 1 362414080
MEM traffic 1791377565200 2485252 1 1 362414080
MEM traffic 1791377566201 2485252 1 1 362414080
MEM traffic 1791377567201 2485252 1 1 362414080
MEM traffic 1791377568201 2485252 1 1 362414080
MEM traffic 1791377569202 2485252 1 1 362414080
MEM traffic 1791377570202 2485252 1 1 362414080
MEM traffic 1791377571202 2485252 1 1 362414080
MEM traffic 1791377572203 2485252 1 1 362414080
MEM traffic 1791377573203 2485252 1 1 362414080
MEM traffic 1791377574203 2485252 1 1 362414080
MEM traffic 1791377575204 2485252 1 1 362414080
MEM traffic 1791377576204 2485252 1 1 362414080
MEM traffic 1791377577204 2485252 1 1 362414080
MEM traffic 1791377578205 2485252 1 1 362414080
MEM traffic 1791377579205 2485252 1 1 362414080
MEM traffic 1791377580205 2485252 1 1 362414080
MEM traffic 1791377581206 2485252 1 1 362414080
MEM traffic 1791377582206 2485252 1 1 362414080
MEM traffic 1791377583206 2485252 1 1 362414080
MEM end 1791377584207 2485328 1 1 362414080
MEM end 1791377585207 2485328 1 1 362414080
DONE adaptive workers=[eventloop, eventloop, eventloop, eventloop, eventloop, eventloop, eventloop, eventloop, platform, platform, platform, platform, platform, platform, platform, platform, platform, platform, platform, platform, platform, platform, platform, platform]
