MEM baseline 1791377662005 2204628 1 1 0
MEM baseline 1791377663009 2205028 1 1 0
MEM baseline 1791377664009 2205040 1 1 0
MEM baseline 1791377665010 2205040 1 1 0
MEM baseline 1791377666010 2205048 1 1 0
MEM burst 1791377667011 2207008 1 1 0
MEM burst 1791377668011 3154864 1 1 1048084480
MEM burst 1791377669012 3154872 1 1 1048084480
MEM burst 1791377670012 3154872 1 1 1048084480
MEM release 1791377671013 2963068 1 1 846757888
MEM release 1791377672013 2963064 1 1 846757888
MEM release 1791377673014 2963064 1 1 846757888
MEM release 1791377674014 2963064 1 1 846757888
MEM release 1791377675015 2963064 1 1 846757888
MEM traffic 1791377676015 2963836 1 1 846757888
MEM traffic 1791377677016 2963888 1 1 846757888
MEM traffic 1791377678016 2963888 1 1 846757888
MEM traffic 1791377679017 2963888 1 1 846757888
MEM traffic 1791377680017 2963888 1 1 846757888
MEM traffic 1791377681018 2963888 1 1 846757888
MEM traffic 1791377682018 2963888 1 1 846757888
MEM traffic 1791377683018 2963888 1 1 846757888
MEM traffic 1791377684019 2963888 1 1 846757888
MEM traffic 1791377685019 2963888 1 1 846757888
MEM traffic 1791377686019 2963952 1 1 846757888
MEM traffic 1791377687020 2963952 1 1 846757888
MEM traffic 1791377688020 2957296 1 1 832520192
MEM traffic 1791377689020 2957296 1 1 832520192
MEM traffic 1791377690021 2957296 1 1 832520192
MEM traffic 1791377691021 2957296 1 1 832520192
MEM traffic 1791377692021 2957296 1 1 832520192
MEM traffic 1791377693022 2957296 1 1 832520192
MEM traffic 1791377694022 2957296 1 1 832520192
MEM traffic 1791377695022 2957296 1 1 832520192
MEM traffic 1791377696023 2922160 1 1 761331712
MEM traffic 1791377697023 2908144 1 1 732856320
MEM traffic 1791377698024 2902256 1 1 719273984
MEM traffic 1791377699024 2902256 1 1 719273984
MEM traffic 1791377700024 2902256 1 1 719273984
MEM traffic 1791377701024 2902256 1 1 719273984
MEM traffic 1791377702025 2902256 1 1 719273984
MEM traffic 1791377703025 2902256 1 1 719273984
MEM traffic 1791377704026 2902256 1 1 719273984
MEM traffic 1791377705026 2902256 1 1 719273984
MEM traffic 1791377706026 2896752 1 1 705691648
MEM traffic 1791377707027 2891120 1 1 691978240
MEM traffic 1791377708027 2891120 1 1 691978240
MEM traffic 1791377709027 2891120 1 1 689045504
MEM traffic 1791377710027 2891120 1 1 689045504
MEM traffic 1791377711028 2891120 1 1 689045504
MEM traffic 1791377712028 2891120 1 1 689045504
MEM traffic 1791377713028 2891156 1 1 689045504
MEM traffic 1791377714029 2891220 1 1 689045504
MEM traffic 1791377715029 2891220 1 1 689045504
MEM traffic 1791377716029 2880152 1 1 659488768
MEM traffic 1791377717030 2863704 1 1 615809024
MEM traffic 1791377718030 2863704 1 1 615809024
MEM traffic 1791377719030 2863704 1 1 614612992
MEM traffic 1791377720030 2863704 1 1 614612992
MEM traffic 1791377721031 2863704 1 1 614612992
MEM traffic 1791377722031 2863704 1 1 614612992
MEM traffic 1791377723031 2863704 1 1 614612992
MEM traffic 1791377724031 2863768 1 1 614612992
MEM traffic 1791377725032 2863768 1 1 614612992
MEM traffic 1791377726032 2863768 1 1 614612992
MEM traffic 1791377727032 2863768 1 1 607436800
MEM traffic 1791377728033 2863768 1 1 607436800
MEM traffic 1791377729033 2863768 1 1 607436800
MEM traffic 1791377730033 2863768 1 1 607436800
MEM traffic 1791377731033 2863768 1 1 607436800
MEM traffic 1791377732034 2863768 1 1 607436800
MEM traffic 1791377733034 2863768 1 1 607436800
MEM traffic 1791377734034 2863768 1 1 607436800
MEM traffic 1791377735035 2863768 1 1 607436800
MEM end 1791377736035 2863784 1 1 607436800
MEM end 1791377737035 2863784 1 1 607436800
DONE adaptive workers=[eventloop, eventloop, eventloop, eventloop, eventloop, eventloop, eventloop, eventloop, platform, platform, platform, platform, platform, platform, platform, platform, platform, platform, platform, platform, platform, platform, platform, platform]
