MEM baseline 1791377586120 2209024 1 1 0
MEM baseline 1791377587123 2209056 1 1 0
MEM baseline 1791377588124 2209056 1 1 0
MEM baseline 1791377589124 2209056 1 1 0
MEM baseline 1791377590125 2209060 1 1 0
MEM burst 1791377591125 2211288 1 1 0
MEM burst 1791377592126 3120396 1 1 1107296256
MEM burst 1791377593127 3120432 1 1 1107296256
MEM burst 1791377594127 3120432 1 1 1107296256
MEM release 1791377595128 3120540 1 1 1107296256
MEM release 1791377596128 3120552 1 1 1107296256
MEM release 1791377597129 3120552 1 1 1107296256
MEM release 1791377598129 3120552 1 1 1107296256
MEM release 1791377599129 3120552 1 1 1107296256
MEM traffic 1791377600130 3059760 1 1 1040187392
MEM traffic 1791377601130 2994428 1 1 973078528
MEM traffic 1791377602131 2929596 1 1 905969664
MEM traffic 1791377603131 2864956 1 1 838860800
MEM traffic 1791377604132 2800060 1 1 771751936
MEM traffic 1791377605132 2741436 1 1 708837376
MEM traffic 1791377606133 2741436 1 1 708837376
MEM traffic 1791377607133 2741436 1 1 708837376
MEM traffic 1791377608134 2741436 1 1 708837376
MEM traffic 1791377609134 2741436 1 1 708837376
MEM traffic 1791377610134 2741972 1 1 708837376
MEM traffic 1791377611135 2741972 1 1 708837376
MEM traffic 1791377612135 2741972 1 1 708837376
MEM traffic 1791377613136 2741972 1 1 708837376
MEM traffic 1791377614136 2741972 1 1 708837376
MEM traffic 1791377615136 2741972 1 1 708837376
MEM traffic 1791377616137 2741972 1 1 708837376
MEM traffic 1791377617137 2741972 1 1 708837376
MEM traffic 1791377618137 2737944 1 1 704643072
MEM traffic 1791377619138 2737944 1 1 704643072
MEM traffic 1791377620138 2737944 1 1 704643072
MEM traffic 1791377621138 2737944 1 1 704643072
MEM traffic 1791377622139 2737944 1 1 704643072
MEM traffic 1791377623139 2737944 1 1 704643072
MEM traffic 1791377624139 2735632 1 1 700448768
MEM traffic 1791377625140 2710476 1 1 666894336
MEM traffic 1791377626140 2710476 1 1 666894336
MEM traffic 1791377627140 2710476 1 1 666894336
MEM traffic 1791377628141 2710476 1 1 666894336
MEM traffic 1791377629141 2710476 1 1 666894336
MEM traffic 1791377630141 2710476 1 1 666894336
MEM traffic 1791377631142 2710476 1 1 666894336
MEM traffic 1791377632142 2710540 1 1 666894336
MEM traffic 1791377633142 2710540 1 1 666894336
MEM traffic 1791377634143 2710540 1 1 666894336
MEM traffic 1791377635143 2684608 1 1 633339904
MEM traffic 1791377636143 2684608 1 1 633339904
MEM traffic 1791377637144 2684644 1 1 633339904
MEM traffic 1791377638144 2684708 1 1 633339904
MEM traffic 1791377639144 2684708 1 1 633339904
MEM traffic 1791377640144 2684708 1 1 633339904
MEM traffic 1791377641145 2684708 1 1 633339904
MEM traffic 1791377642145 2684708 1 1 633339904
MEM traffic 1791377643145 2684708 1 1 633339904
MEM traffic 1791377644146 2684708 1 1 633339904
MEM traffic 1791377645146 2684708 1 1 633339904
MEM traffic 1791377646146 2684708 1 1 633339904
MEM traffic 1791377647147 2684708 1 1 633339904
MEM traffic 1791377648147 2684708 1 1 633339904
MEM traffic 1791377649147 2684708 1 1 633339904
MEM traffic 1791377650148 2684708 1 1 633339904
MEM traffic 1791377651148 2684708 1 1 633339904
MEM traffic 1791377652148 2684708 1 1 633339904
MEM traffic 1791377653148 2684708 1 1 633339904
MEM traffic 1791377654149 2684708 1 1 633339904
MEM traffic 1791377655149 2684708 1 1 633339904
MEM traffic 1791377656149 2684708 1 1 633339904
MEM traffic 1791377657150 2684708 1 1 633339904
MEM traffic 1791377658150 2684708 1 1 633339904
MEM traffic 1791377659150 2684708 1 1 633339904
MEM end 1791377660150 2684708 1 1 633339904
MEM end 1791377661151 2684708 1 1 633339904
DONE adaptive workers=[eventloop, eventloop, eventloop, eventloop, eventloop, eventloop, eventloop, eventloop, platform, platform, platform, platform, platform, platform, platform, platform, platform, platform, platform, platform, platform, platform, platform, platform]
