MEM baseline 1791377738032 2206564 1 1 0
MEM baseline 1791377739035 2206656 1 1 0
MEM baseline 1791377740035 2206676 1 1 0
MEM baseline 1791377741036 2206676 1 1 0
MEM baseline 1791377742036 2206680 1 1 0
MEM burst 1791377743037 2208276 1 1 4194304
MEM burst 1791377744037 3129212 1 1 1107296256
MEM burst 1791377745038 3129248 1 1 1107296256
MEM burst 1791377746038 3129248 1 1 1107296256
MEM release 1791377747039 3131532 1 1 1107296256
MEM release 1791377748040 3131528 1 1 1107296256
MEM release 1791377749040 3131528 1 1 1107296256
MEM release 1791377750040 3131528 1 1 1107296256
MEM release 1791377751041 3131528 1 1 1107296256
MEM traffic 1791377752041 3135280 1 1 1107296256
MEM traffic 1791377753042 3135276 1 1 1107296256
MEM traffic 1791377754043 3135280 1 1 1107296256
MEM traffic 1791377755043 3135280 1 1 1107296256
MEM traffic 1791377756043 3135280 1 1 1107296256
MEM traffic 1791377757044 3135280 1 1 1107296256
MEM traffic 1791377758044 3135280 1 1 1107296256
MEM traffic 1791377759045 3135280 1 1 1107296256
MEM traffic 1791377760046 3135280 1 1 1107296256
MEM traffic 1791377761046 3051732 1 1 1006632960
MEM traffic 1791377762047 3051776 1 1 1006632960
MEM traffic 1791377763047 3051776 1 1 1006632960
MEM traffic 1791377764047 3051780 1 1 1006632960
MEM traffic 1791377765048 3051780 1 1 1006632960
MEM traffic 1791377766048 3051780 1 1 1006632960
MEM traffic 1791377767048 3051780 1 1 1006632960
MEM traffic 1791377768049 3051780 1 1 1006632960
MEM traffic 1791377769049 3051780 1 1 1006632960
MEM traffic 1791377770050 3051780 1 1 1006632960
MEM traffic 1791377771050 3052108 1 1 1006632960
MEM traffic 1791377772050 3052108 1 1 1006632960
MEM traffic 1791377773051 3052108 1 1 1006632960
MEM traffic 1791377774051 3052108 1 1 1006632960
MEM traffic 1791377775051 3052108 1 1 1006632960
MEM traffic 1791377776052 3052108 1 1 1006632960
MEM traffic 1791377777052 3052108 1 1 1006632960
MEM traffic 1791377778052 3052108 1 1 1006632960
MEM traffic 1791377779053 3052108 1 1 1006632960
MEM traffic 1791377780053 3052108 1 1 1006632960
MEM traffic 1791377781053 2944112 1 1 872415232
MEM traffic 1791377782054 2944112 1 1 872415232
MEM traffic 1791377783054 2944112 1 1 872415232
MEM traffic 1791377784054 2944112 1 1 872415232
MEM traffic 1791377785055 2944112 1 1 872415232
MEM traffic 1791377786055 2944112 1 1 872415232
MEM traffic 1791377787055 2944112 1 1 872415232
MEM traffic 1791377788056 2944112 1 1 872415232
MEM traffic 1791377789056 2944152 1 1 872415232
MEM traffic 1791377790056 2944152 1 1 872415232
MEM traffic 1791377791057 2944268 1 1 872415232
MEM traffic 1791377792057 2944268 1 1 872415232
MEM traffic 1791377793057 2944268 1 1 872415232
MEM traffic 1791377794057 2944268 1 1 872415232
MEM traffic 1791377795058 2944332 1 1 872415232
MEM traffic 1791377796058 2944332 1 1 872415232
MEM traffic 1791377797058 2944332 1 1 872415232
MEM traffic 1791377798059 2944332 1 1 872415232
MEM traffic 1791377799059 2944332 1 1 872415232
MEM traffic 1791377800059 2944332 1 1 872415232
MEM traffic 1791377801060 2890480 1 1 805306368
MEM traffic 1791377802060 2890480 1 1 805306368
MEM traffic 1791377803060 2890480 1 1 805306368
MEM traffic 1791377804061 2890480 1 1 805306368
MEM traffic 1791377805061 2890480 1 1 805306368
MEM traffic 1791377806061 2890480 1 1 805306368
MEM traffic 1791377807062 2890480 1 1 805306368
MEM traffic 1791377808062 2890480 1 1 805306368
MEM traffic 1791377809062 2890480 1 1 805306368
MEM traffic 1791377810063 2890480 1 1 805306368
MEM traffic 1791377811063 2890696 1 1 805306368
MEM end 1791377812063 2890724 1 1 805306368
MEM end 1791377813063 2890748 1 1 805306368
DONE mimalloc workers=[eventloop, eventloop, eventloop, eventloop, eventloop, eventloop, eventloop, eventloop, platform, platform, platform, platform, platform, platform, platform, platform, platform, platform, platform, platform, platform, platform, platform, platform]
