MEM baseline 1791377434218 2206964 1 1 0
MEM baseline 1791377435221 2206984 1 1 0
MEM baseline 1791377436221 2206996 1 1 0
MEM baseline 1791377437222 2207004 1 1 0
MEM baseline 1791377438222 2207004 1 1 0
MEM burst 1791377439223 2208996 1 1 62914560
MEM burst 1791377440224 3128188 1 1 1119879168
MEM burst 1791377441224 3128232 1 1 1119879168
MEM burst 1791377442225 3128232 1 1 1119879168
MEM release 1791377443225 3130768 1 1 1119879168
MEM release 1791377444226 3130764 1 1 1119879168
MEM release 1791377445226 3130760 1 1 1119879168
MEM release 1791377446227 3130760 1 1 1119879168
MEM release 1791377447227 3130764 1 1 1119879168
MEM traffic 1791377448228 3136592 1 1 1119879168
MEM traffic 1791377449228 3136744 1 1 1119879168
MEM traffic 1791377450229 3136808 1 1 1119879168
MEM traffic 1791377451229 3136808 1 1 1119879168
MEM traffic 1791377452230 3136808 1 1 1119879168
MEM traffic 1791377453230 3136808 1 1 1119879168
MEM traffic 1791377454231 3136808 1 1 1119879168
MEM traffic 1791377455231 3136808 1 1 1119879168
MEM traffic 1791377456232 3136808 1 1 1119879168
MEM traffic 1791377457232 2882892 1 1 805306368
MEM traffic 1791377458232 2883076 1 1 805306368
MEM traffic 1791377459233 2883236 1 1 805306368
MEM traffic 1791377460233 2883476 1 1 805306368
MEM traffic 1791377461234 2883476 1 1 805306368
MEM traffic 1791377462234 2883484 1 1 805306368
MEM traffic 1791377463234 2883484 1 1 805306368
MEM traffic 1791377464235 2883484 1 1 805306368
MEM traffic 1791377465235 2883484 1 1 805306368
MEM traffic 1791377466235 2883484 1 1 805306368
MEM traffic 1791377467236 2884176 1 1 805306368
MEM traffic 1791377468236 2884252 1 1 805306368
MEM traffic 1791377469236 2884320 1 1 805306368
MEM traffic 1791377470237 2884320 1 1 805306368
MEM traffic 1791377471237 2884320 1 1 805306368
MEM traffic 1791377472237 2884320 1 1 805306368
MEM traffic 1791377473238 2884324 1 1 805306368
MEM traffic 1791377474238 2884324 1 1 805306368
MEM traffic 1791377475239 2884328 1 1 805306368
MEM traffic 1791377476239 2884328 1 1 805306368
MEM traffic 1791377477239 2567400 1 1 402653184
MEM traffic 1791377478240 2567460 1 1 402653184
MEM traffic 1791377479240 2567460 1 1 402653184
MEM traffic 1791377480240 2567460 1 1 402653184
MEM traffic 1791377481241 2567460 1 1 402653184
MEM traffic 1791377482241 2567460 1 1 402653184
MEM traffic 1791377483241 2567460 1 1 402653184
MEM traffic 1791377484242 2567460 1 1 402653184
MEM traffic 1791377485242 2567504 1 1 402653184
MEM traffic 1791377486243 2567568 1 1 402653184
MEM traffic 1791377487243 2567944 1 1 402653184
MEM traffic 1791377488243 2567976 1 1 402653184
MEM traffic 1791377489243 2567976 1 1 402653184
MEM traffic 1791377490244 2567976 1 1 402653184
MEM traffic 1791377491244 2568036 1 1 402653184
MEM traffic 1791377492244 2568036 1 1 402653184
MEM traffic 1791377493245 2568036 1 1 402653184
MEM traffic 1791377494245 2568040 1 1 402653184
MEM traffic 1791377495245 2568040 1 1 402653184
MEM traffic 1791377496246 2568040 1 1 402653184
MEM traffic 1791377497246 2401724 1 1 201326592
MEM traffic 1791377498246 2401724 1 1 201326592
MEM traffic 1791377499247 2401724 1 1 201326592
MEM traffic 1791377500247 2401724 1 1 201326592
MEM traffic 1791377501247 2401724 1 1 201326592
MEM traffic 1791377502248 2401724 1 1 201326592
MEM traffic 1791377503248 2401796 1 1 201326592
MEM traffic 1791377504248 2401800 1 1 201326592
MEM traffic 1791377505249 2401800 1 1 201326592
MEM traffic 1791377506249 2401800 1 1 201326592
MEM traffic 1791377507249 2395392 1 1 192937984
MEM end 1791377508249 2395636 1 1 192937984
MEM end 1791377509250 2395696 1 1 192937984
DONE mimalloc workers=[eventloop, eventloop, eventloop, eventloop, eventloop, eventloop, eventloop, eventloop, platform, platform, platform, platform, platform, platform, platform, platform, platform, platform, platform, platform, platform, platform, platform, platform]
