MEM baseline 1791377358200 2204968 1 1 0
MEM baseline 1791377359203 2205356 1 1 0
MEM baseline 1791377360204 2205364 1 1 0
MEM baseline 1791377361204 2205364 1 1 0
MEM baseline 1791377362205 2205364 1 1 0
MEM burst 1791377363205 2207608 1 1 0
MEM burst 1791377364206 3156912 1 1 1054195712
MEM burst 1791377365206 3156916 1 1 1054195712
MEM burst 1791377366207 3156916 1 1 1054195712
MEM release 1791377367208 2975656 1 1 852869120
MEM release 1791377368208 2975664 1 1 852869120
MEM release 1791377369209 2975664 1 1 852869120
MEM release 1791377370209 2975664 1 1 852869120
MEM release 1791377371210 2975664 1 1 852869120
MEM traffic 1791377372210 2994496 1 1 852869120
MEM traffic 1791377373211 2994480 1 1 852869120
MEM traffic 1791377374211 2994480 1 1 852869120
MEM traffic 1791377375212 2994480 1 1 852869120
MEM traffic 1791377376212 2994480 1 1 852869120
MEM traffic 1791377377213 2994480 1 1 852869120
MEM traffic 1791377378213 2994480 1 1 852869120
MEM traffic 1791377379214 2994492 1 1 852869120
MEM traffic 1791377380214 2994492 1 1 852869120
MEM traffic 1791377381215 2994500 1 1 852869120
MEM traffic 1791377382215 2994568 1 1 852869120
MEM traffic 1791377383215 2981264 1 1 824377344
MEM traffic 1791377384216 2929744 1 1 716226560
MEM traffic 1791377385216 2865936 1 1 588595200
MEM traffic 1791377386216 2845200 1 1 545882112
MEM traffic 1791377387217 2845208 1 1 545882112
MEM traffic 1791377388217 2838168 1 1 531644416
MEM traffic 1791377389218 2830680 1 1 517406720
MEM traffic 1791377390218 2830680 1 1 517406720
MEM traffic 1791377391218 2830680 1 1 517406720
MEM traffic 1791377392219 2830680 1 1 517406720
MEM traffic 1791377393219 2830680 1 1 511688704
MEM traffic 1791377394219 2823768 1 1 480935936
MEM traffic 1791377395220 2823768 1 1 441942016
MEM traffic 1791377396220 2823768 1 1 414269440
MEM traffic 1791377397221 2823768 1 1 393363456
MEM traffic 1791377398221 2823776 1 1 388169728
MEM traffic 1791377399221 2823776 1 1 382976000
MEM traffic 1791377400222 2823780 1 1 377257984
MEM traffic 1791377401222 2823780 1 1 377257984
MEM traffic 1791377402222 2823780 1 1 377257984
MEM traffic 1791377403223 2823780 1 1 377257984
MEM traffic 1791377404223 2823780 1 1 371933184
MEM traffic 1791377405224 2823780 1 1 355450880
MEM traffic 1791377406224 2823780 1 1 345341952
MEM traffic 1791377407224 2823780 1 1 331907072
MEM traffic 1791377408225 2823780 1 1 324730880
MEM traffic 1791377409225 2823820 1 1 322338816
MEM traffic 1791377410226 2823820 1 1 317554688
MEM traffic 1791377411226 2823820 1 1 315162624
MEM traffic 1791377412226 2823820 1 1 315162624
MEM traffic 1791377413227 2823820 1 1 315162624
MEM traffic 1791377414227 2823820 1 1 315162624
MEM traffic 1791377415227 2823820 1 1 309182464
MEM traffic 1791377416227 2823820 1 1 305594368
MEM traffic 1791377417228 2823820 1 1 301465600
MEM traffic 1791377418228 2823820 1 1 296140800
MEM traffic 1791377419228 2823820 1 1 291356672
MEM traffic 1791377420229 2823820 1 1 287227904
MEM traffic 1791377421229 2823820 1 1 284835840
MEM traffic 1791377422230 2823820 1 1 284835840
MEM traffic 1791377423230 2823820 1 1 284835840
MEM traffic 1791377424230 2823820 1 1 284835840
MEM traffic 1791377425231 2823820 1 1 283901952
MEM traffic 1791377426231 2823820 1 1 280723456
MEM traffic 1791377427231 2823820 1 1 278593536
MEM traffic 1791377428231 2823820 1 1 275152896
MEM traffic 1791377429232 2823820 1 1 272498688
MEM traffic 1791377430232 2823820 1 1 268238848
MEM traffic 1791377431232 2823820 1 1 265584640
MEM end 1791377432233 2824100 1 1 265584640
MEM end 1791377433233 2824116 1 1 265584640
DONE adaptive workers=[eventloop, eventloop, eventloop, eventloop, eventloop, eventloop, eventloop, eventloop, platform, platform, platform, platform, platform, platform, platform, platform, platform, platform, platform, platform, platform, platform, platform, platform]
