MEM baseline 1791377282350 2211112 1 1 0
MEM baseline 1791377283353 2211200 1 1 0
MEM baseline 1791377284353 2211220 1 1 0
MEM baseline 1791377285354 2211220 1 1 0
MEM baseline 1791377286354 2211228 1 1 0
MEM burst 1791377287355 2213124 1 1 0
MEM burst 1791377288356 3128284 1 1 1107296256
MEM burst 1791377289356 3128288 1 1 1107296256
MEM burst 1791377290356 3128292 1 1 1107296256
MEM release 1791377291357 3129300 1 1 1107296256
MEM release 1791377292358 3129304 1 1 1107296256
MEM release 1791377293358 3129304 1 1 1107296256
MEM release 1791377294359 3129304 1 1 1107296256
MEM release 1791377295359 3129304 1 1 1107296256
MEM traffic 1791377296360 3077604 1 1 1040187392
MEM traffic 1791377297360 3012836 1 1 973078528
MEM traffic 1791377298361 2947940 1 1 905969664
MEM traffic 1791377299361 2882980 1 1 838860800
MEM traffic 1791377300362 2818148 1 1 771751936
MEM traffic 1791377301362 2783844 1 1 734003200
MEM traffic 1791377302362 2783856 1 1 734003200
MEM traffic 1791377303363 2783876 1 1 734003200
MEM traffic 1791377304363 2783884 1 1 734003200
MEM traffic 1791377305364 2783884 1 1 734003200
MEM traffic 1791377306364 2783892 1 1 734003200
MEM traffic 1791377307364 2783916 1 1 734003200
MEM traffic 1791377308365 2783920 1 1 734003200
MEM traffic 1791377309365 2783920 1 1 734003200
MEM traffic 1791377310365 2783920 1 1 734003200
MEM traffic 1791377311366 2779892 1 1 729808896
MEM traffic 1791377312366 2765560 1 1 713031680
MEM traffic 1791377313366 2727884 1 1 662700032
MEM traffic 1791377314367 2681832 1 1 595591168
MEM traffic 1791377315367 2623048 1 1 528482304
MEM traffic 1791377316367 2570404 1 1 461373440
MEM traffic 1791377317368 2530992 1 1 394264576
MEM traffic 1791377318368 2473264 1 1 327155712
MEM traffic 1791377319369 2415804 1 1 260046848
MEM traffic 1791377320369 2390236 1 1 222298112
MEM traffic 1791377321369 2390236 1 1 222298112
MEM traffic 1791377322370 2390236 1 1 222298112
MEM traffic 1791377323370 2390236 1 1 222298112
MEM traffic 1791377324370 2390236 1 1 222298112
MEM traffic 1791377325371 2390236 1 1 222298112
MEM traffic 1791377326371 2390236 1 1 222298112
MEM traffic 1791377327371 2390236 1 1 222298112
MEM traffic 1791377328372 2390236 1 1 222298112
MEM traffic 1791377329372 2390236 1 1 222298112
MEM traffic 1791377330372 2390236 1 1 222298112
MEM traffic 1791377331373 2390236 1 1 222298112
MEM traffic 1791377332373 2390236 1 1 222298112
MEM traffic 1791377333373 2390280 1 1 222298112
MEM traffic 1791377334374 2390280 1 1 222298112
MEM traffic 1791377335374 2390280 1 1 222298112
MEM traffic 1791377336374 2390280 1 1 222298112
MEM traffic 1791377337375 2390280 1 1 222298112
MEM traffic 1791377338375 2390280 1 1 222298112
MEM traffic 1791377339375 2390280 1 1 222298112
MEM traffic 1791377340376 2390280 1 1 222298112
MEM traffic 1791377341376 2390280 1 1 222298112
MEM traffic 1791377342376 2390284 1 1 222298112
MEM traffic 1791377343377 2390284 1 1 222298112
MEM traffic 1791377344377 2390284 1 1 222298112
MEM traffic 1791377345377 2390284 1 1 222298112
MEM traffic 1791377346378 2390284 1 1 222298112
MEM traffic 1791377347378 2390284 1 1 222298112
MEM traffic 1791377348378 2390284 1 1 222298112
MEM traffic 1791377349379 2390284 1 1 222298112
MEM traffic 1791377350379 2390284 1 1 222298112
MEM traffic 1791377351379 2390292 1 1 222298112
MEM traffic 1791377352380 2390292 1 1 222298112
MEM traffic 1791377353380 2390292 1 1 222298112
MEM traffic 1791377354380 2390292 1 1 222298112
MEM traffic 1791377355381 2390292 1 1 222298112
MEM end 1791377356381 2390656 1 1 222298112
MEM end 1791377357381 2390684 1 1 222298112
DONE adaptive workers=[eventloop, eventloop, eventloop, eventloop, eventloop, eventloop, eventloop, eventloop, platform, platform, platform, platform, platform, platform, platform, platform, platform, platform, platform, platform, platform, platform, platform, platform]
