MEM baseline 1791377206433 2217680 1 1 0
MEM baseline 1791377207436 2218460 1 1 0
MEM baseline 1791377208437 2218476 1 1 0
MEM baseline 1791377209437 2218476 1 1 0
MEM baseline 1791377210438 2218476 1 1 0
MEM burst 1791377211438 2220688 1 1 0
MEM burst 1791377212439 3138932 1 1 1086390272
MEM burst 1791377213439 3138936 1 1 1086390272
MEM burst 1791377214440 3138936 1 1 1086390272
MEM release 1791377215440 3139416 1 1 1086390272
MEM release 1791377216441 3139416 1 1 1086390272
MEM release 1791377217441 3139412 1 1 1086390272
MEM release 1791377218442 3139412 1 1 1086390272
MEM release 1791377219442 3139412 1 1 1086390272
MEM traffic 1791377220443 3085748 1 1 1034354688
MEM traffic 1791377221444 3018940 1 1 963313664
MEM traffic 1791377222444 2954812 1 1 894894080
MEM traffic 1791377223444 2891456 1 1 826867712
MEM traffic 1791377224445 2825348 1 1 756023296
MEM traffic 1791377225445 2761156 1 1 688717824
MEM traffic 1791377226446 2695640 1 1 620560384
MEM traffic 1791377227446 2630644 1 1 553254912
MEM traffic 1791377228447 2594108 1 1 515571712
MEM traffic 1791377229447 2594108 1 1 515571712
MEM traffic 1791377230447 2594112 1 1 515571712
MEM traffic 1791377231448 2594176 1 1 515571712
MEM traffic 1791377232448 2594184 1 1 515571712
MEM traffic 1791377233448 2594188 1 1 515571712
MEM traffic 1791377234449 2583216 1 1 501547008
MEM traffic 1791377235449 2544664 1 1 446431232
MEM traffic 1791377236450 2491880 1 1 378798080
MEM traffic 1791377237450 2461832 1 1 311754752
MEM traffic 1791377238450 2408140 1 1 244383744
MEM traffic 1791377239451 2351828 1 1 176816128
MEM traffic 1791377240451 2311328 1 1 109641728
MEM traffic 1791377241451 2289308 1 1 80805888
MEM traffic 1791377242452 2289308 1 1 80805888
MEM traffic 1791377243452 2289308 1 1 80805888
MEM traffic 1791377244452 2289312 1 1 80871424
MEM traffic 1791377245453 2289280 1 1 80805888
MEM traffic 1791377246453 2289248 1 1 80740352
MEM traffic 1791377247454 2289152 1 1 80609280
MEM traffic 1791377248454 2289160 1 1 80740352
MEM traffic 1791377249454 2289128 1 1 80674816
MEM traffic 1791377250455 2289128 1 1 80674816
MEM traffic 1791377251455 2289128 1 1 80674816
MEM traffic 1791377252455 2289128 1 1 80674816
MEM traffic 1791377253455 2289128 1 1 80674816
MEM traffic 1791377254456 2289128 1 1 80674816
MEM traffic 1791377255456 2289128 1 1 80674816
MEM traffic 1791377256457 2289096 1 1 80609280
MEM traffic 1791377257457 2289132 1 1 80609280
MEM traffic 1791377258457 2289104 1 1 80543744
MEM traffic 1791377259458 2289104 1 1 80543744
MEM traffic 1791377260458 2289104 1 1 80543744
MEM traffic 1791377261458 2289088 1 1 80543744
MEM traffic 1791377262459 2289344 1 1 80805888
MEM traffic 1791377263459 2289344 1 1 80805888
MEM traffic 1791377264459 2289344 1 1 80805888
MEM traffic 1791377265459 2289344 1 1 80805888
MEM traffic 1791377266460 2289088 1 1 80543744
MEM traffic 1791377267460 2289088 1 1 80543744
MEM traffic 1791377268460 2289088 1 1 80543744
MEM traffic 1791377269461 2289088 1 1 80543744
MEM traffic 1791377270461 2289152 1 1 80478208
MEM traffic 1791377271462 2289120 1 1 80412672
MEM traffic 1791377272462 2289096 1 1 80478208
MEM traffic 1791377273462 2289068 1 1 80478208
MEM traffic 1791377274463 2289068 1 1 80478208
MEM traffic 1791377275463 2289076 1 1 80478208
MEM traffic 1791377276463 2289080 1 1 80478208
MEM traffic 1791377277463 2289084 1 1 80543744
MEM traffic 1791377278464 2289084 1 1 80543744
MEM traffic 1791377279464 2289088 1 1 80609280
MEM end 1791377280464 2289128 1 1 80609280
MEM end 1791377281465 2289128 1 1 80609280
DONE adaptive workers=[eventloop, eventloop, eventloop, eventloop, eventloop, eventloop, eventloop, eventloop, platform, platform, platform, platform, platform, platform, platform, platform, platform, platform, platform, platform, platform, platform, platform, platform]
